// Jest Snapshot v1, https://goo.gl/fbAQLP

exports[`Order View tests Snapshot matches 1`] = `ShallowWrapper {}`;
